// Jest Snapshot v1, https://goo.gl/fbAQLP

exports[`<Page /> matches snapshot 1`] = `
<DocumentFragment>
  <div
    class="flex flex-col items-center justify-center min-h-screen py-2"
  >
    <main
      class="flex flex-col items-center justify-center w-full flex-1 px-20 text-center"
    >
      <h1
        class="text-6xl font-bold"
      >
        Welcome to 
        <span
          class="text-blue-600"
        >
          Coachai
        </span>
      </h1>
      <p
        class="mt-3 text-2xl"
      >
        Full-stack application with TypeScript and Python
      </p>
      <form
        class="mb-8"
      >
        <input
          class="border p-2 mr-2 rounded"
          placeholder="Type a message..."
          type="text"
          value=""
        />
        <button
          class="bg-blue-500 text-white px-4 py-2 rounded hover:bg-blue-600"
          type="submit"
        >
          Send
        </button>
      </form>
      <div
        class="space-y-4"
      >
        <div
          class="border p-4 rounded shadow-sm"
        >
          <p>
            Hello world!
          </p>
          <small
            class="text-gray-500"
          >
            1.1.2024, 11:00:00
          </small>
        </div>
        <div
          class="border p-4 rounded shadow-sm"
        >
          <p>
            Testing is great
          </p>
          <small
            class="text-gray-500"
          >
            2.1.2024, 13:30:00
          </small>
        </div>
      </div>
    </main>
  </div>
</DocumentFragment>
`;
